/Users/rojasqug/Downloads/Sr_Data_Engineer_Fictitious_Dataset_Pack/.venv/lib/python3.12/site-packages/snowflake/connector/vendored/requests/__init__.py:113: RequestsDependencyWarning: urllib3 (2.7.0) or chardet (7.6.0)/charset_normalizer (3.5.1) doesn't match a supported version!
  warnings.warn(
raw_oracle_orders               128 rows
raw_salesforce_accounts          20 rows
raw_adaptive_forecast           287 rows
raw_erp_products                 12 rows
[0m17:18:09  Running with dbt=1.10.23
[0m17:18:09  This version of dbt is deprecated and no longer receives regular patches, including for known bugs. We recommend upgrading to a newer supported version of dbt: https://docs.getdbt.com/docs/dbt-versions
/Users/rojasqug/Downloads/Sr_Data_Engineer_Fictitious_Dataset_Pack/.venv/lib/python3.12/site-packages/snowflake/connector/vendored/requests/__init__.py:113: RequestsDependencyWarning: urllib3 (2.7.0) or chardet (7.6.0)/charset_normalizer (3.5.1) doesn't match a supported version!
  warnings.warn(
[0m17:18:10  Registered adapter: snowflake=1.10.8
[0m17:18:10  Found 16 models, 78 data tests, 1 seed, 4 sources, 640 macros
[0m17:18:10  
[0m17:18:10  Concurrency: 4 threads (target='snowflake')
[0m17:18:10  
[0m17:18:12  1 of 94 START sql table model analytics.dim_date ............................... [RUN]
[0m17:18:12  2 of 94 START sql view model staging.stg_adaptive__forecast .................... [RUN]
[0m17:18:12  3 of 94 START sql view model staging.stg_erp__products ......................... [RUN]
[0m17:18:12  4 of 94 START sql view model staging.stg_salesforce__accounts .................. [RUN]
[0m17:18:12  2 of 94 OK created sql view model staging.stg_adaptive__forecast ............... [[32mSUCCESS 1[0m in 0.48s]
[0m17:18:12  5 of 94 START seed file staging.seed_region .................................... [RUN]
[0m17:18:13  3 of 94 OK created sql view model staging.stg_erp__products .................... [[32mSUCCESS 1[0m in 1.08s]
[0m17:18:13  4 of 94 OK created sql view model staging.stg_salesforce__accounts ............. [[32mSUCCESS 1[0m in 1.03s]
[0m17:18:13  6 of 94 START sql view model staging.stg_oracle__orders ........................ [RUN]
[0m17:18:13  7 of 94 START sql view model staging.stg_oracle__orders_rejects ................ [RUN]
[0m17:18:13  1 of 94 OK created sql table model analytics.dim_date .......................... [[32mSUCCESS 1[0m in 1.13s]
[0m17:18:13  8 of 94 START test accepted_values_stg_adaptive__forecast_region__LATAM__North_America__EMEA__APAC  [RUN]
[0m17:18:13  8 of 94 PASS accepted_values_stg_adaptive__forecast_region__LATAM__North_America__EMEA__APAC  [[32mPASS[0m in 0.36s]
[0m17:18:13  9 of 94 START test dbt_utils_unique_combination_of_columns_stg_adaptive__forecast_product_id__region__forecast_month  [RUN]
[0m17:18:13  6 of 94 OK created sql view model staging.stg_oracle__orders ................... [[32mSUCCESS 1[0m in 0.42s]
[0m17:18:13  10 of 94 START test not_null_stg_adaptive__forecast_forecast_id ................ [RUN]
[0m17:18:14  7 of 94 OK created sql view model staging.stg_oracle__orders_rejects ........... [[32mSUCCESS 1[0m in 0.51s]
[0m17:18:14  11 of 94 START test not_null_stg_adaptive__forecast_forecast_revenue ........... [RUN]
[0m17:18:14  10 of 94 PASS not_null_stg_adaptive__forecast_forecast_id ...................... [[32mPASS[0m in 0.25s]
[0m17:18:14  12 of 94 START test unique_stg_adaptive__forecast_forecast_id .................. [RUN]
[0m17:18:14  11 of 94 PASS not_null_stg_adaptive__forecast_forecast_revenue ................. [[32mPASS[0m in 0.19s]
[0m17:18:14  13 of 94 START test accepted_values_stg_erp__products_lifecycle_status__Active__Discontinued__Pending  [RUN]
[0m17:18:14  9 of 94 PASS dbt_utils_unique_combination_of_columns_stg_adaptive__forecast_product_id__region__forecast_month  [[32mPASS[0m in 0.37s]
[0m17:18:14  14 of 94 START test not_null_stg_erp__products_product_id ...................... [RUN]
[0m17:18:14  12 of 94 PASS unique_stg_adaptive__forecast_forecast_id ........................ [[32mPASS[0m in 0.32s]
[0m17:18:14  15 of 94 START test not_null_stg_erp__products_standard_cost ................... [RUN]
[0m17:18:14  13 of 94 PASS accepted_values_stg_erp__products_lifecycle_status__Active__Discontinued__Pending  [[32mPASS[0m in 0.35s]
[0m17:18:14  16 of 94 START test relationships_stg_adaptive__forecast_product_id__product_id__ref_stg_erp__products_  [RUN]
[0m17:18:14  14 of 94 PASS not_null_stg_erp__products_product_id ............................ [[32mPASS[0m in 0.29s]
[0m17:18:14  17 of 94 START test unique_stg_erp__products_product_id ........................ [RUN]
[0m17:18:15  15 of 94 PASS not_null_stg_erp__products_standard_cost ......................... [[32mPASS[0m in 0.62s]
[0m17:18:15  17 of 94 PASS unique_stg_erp__products_product_id .............................. [[32mPASS[0m in 0.56s]
[0m17:18:15  18 of 94 START test accepted_values_stg_salesforce__accounts_region__LATAM__North_America__EMEA__APAC  [RUN]
[0m17:18:15  19 of 94 START test accepted_values_stg_salesforce__accounts_segment__Enterprise__Mid_Market__SMB  [RUN]
[0m17:18:15  5 of 94 OK loaded seed file staging.seed_region ................................ [[32mINSERT 5[0m in 2.26s]
[0m17:18:15  20 of 94 START test not_null_stg_salesforce__accounts_customer_id .............. [RUN]
[0m17:18:15  20 of 94 PASS not_null_stg_salesforce__accounts_customer_id .................... [[32mPASS[0m in 0.37s]
[0m17:18:15  19 of 94 PASS accepted_values_stg_salesforce__accounts_segment__Enterprise__Mid_Market__SMB  [[32mPASS[0m in 0.40s]
[0m17:18:15  18 of 94 PASS accepted_values_stg_salesforce__accounts_region__LATAM__North_America__EMEA__APAC  [[32mPASS[0m in 0.40s]
[0m17:18:15  21 of 94 START test not_null_stg_salesforce__accounts_region ................... [RUN]
[0m17:18:15  22 of 94 START test unique_stg_salesforce__accounts_customer_id ................ [RUN]
[0m17:18:15  23 of 94 START test not_null_dim_date_date_month ............................... [RUN]
[0m17:18:15  16 of 94 PASS relationships_stg_adaptive__forecast_product_id__product_id__ref_stg_erp__products_  [[32mPASS[0m in 1.22s]
[0m17:18:15  24 of 94 START test unique_dim_date_date_month ................................. [RUN]
[0m17:18:15  21 of 94 PASS not_null_stg_salesforce__accounts_region ......................... [[32mPASS[0m in 0.27s]
[0m17:18:15  25 of 94 START test accepted_values_stg_oracle__orders_order_status__Shipped__Open__Cancelled  [RUN]
[0m17:18:15  23 of 94 PASS not_null_dim_date_date_month ..................................... [[32mPASS[0m in 0.31s]
[0m17:18:15  26 of 94 START test accepted_values_stg_oracle__orders_plant_country__Costa_Rica__USA  [RUN]
[0m17:18:15  22 of 94 PASS unique_stg_salesforce__accounts_customer_id ...................... [[32mPASS[0m in 0.39s]
[0m17:18:15  27 of 94 START test accepted_values_stg_oracle__orders_source_batch__BATCH_A__BATCH_B  [RUN]
[0m17:18:16  24 of 94 PASS unique_dim_date_date_month ....................................... [[32mPASS[0m in 0.32s]
[0m17:18:16  28 of 94 START test not_null_stg_oracle__orders_customer_id .................... [RUN]
[0m17:18:16  27 of 94 PASS accepted_values_stg_oracle__orders_source_batch__BATCH_A__BATCH_B  [[32mPASS[0m in 0.25s]
[0m17:18:16  26 of 94 PASS accepted_values_stg_oracle__orders_plant_country__Costa_Rica__USA  [[32mPASS[0m in 0.33s]
[0m17:18:16  29 of 94 START test not_null_stg_oracle__orders_gross_revenue .................. [RUN]
[0m17:18:16  30 of 94 START test not_null_stg_oracle__orders_order_date ..................... [RUN]
[0m17:18:16  25 of 94 PASS accepted_values_stg_oracle__orders_order_status__Shipped__Open__Cancelled  [[32mPASS[0m in 0.39s]
[0m17:18:16  31 of 94 START test not_null_stg_oracle__orders_order_id ....................... [RUN]
[0m17:18:16  28 of 94 PASS not_null_stg_oracle__orders_customer_id .......................... [[32mPASS[0m in 0.35s]
[0m17:18:16  29 of 94 PASS not_null_stg_oracle__orders_gross_revenue ........................ [[32mPASS[0m in 0.26s]
[0m17:18:16  30 of 94 PASS not_null_stg_oracle__orders_order_date ........................... [[32mPASS[0m in 0.26s]
[0m17:18:16  32 of 94 START test not_null_stg_oracle__orders_product_id ..................... [RUN]
[0m17:18:16  33 of 94 START test not_null_stg_oracle__orders_unit_price ..................... [RUN]
[0m17:18:16  34 of 94 START test unique_stg_oracle__orders_order_id ......................... [RUN]
[0m17:18:16  31 of 94 PASS not_null_stg_oracle__orders_order_id ............................. [[32mPASS[0m in 0.25s]
[0m17:18:16  35 of 94 START test accepted_values_stg_oracle__orders_rejects_dq_failure_reason__AMBIGUOUS_DUPLICATE__MISSING_ORDER_DATE__MISSING_UNIT_PRICE__INVALID_QUANTITY  [RUN]
[0m17:18:16  33 of 94 PASS not_null_stg_oracle__orders_unit_price ........................... [[32mPASS[0m in 0.29s]
[0m17:18:16  32 of 94 PASS not_null_stg_oracle__orders_product_id ........................... [[32mPASS[0m in 0.29s]
[0m17:18:16  34 of 94 PASS unique_stg_oracle__orders_order_id ............................... [[32mPASS[0m in 0.29s]
[0m17:18:16  36 of 94 START test assert_ord00005_quarantined ................................ [RUN]
[0m17:18:16  37 of 94 START test assert_orders_partition_is_complete ........................ [RUN]
[0m17:18:16  38 of 94 START test not_null_stg_oracle__orders_rejects_dq_failure_reason ...... [RUN]
[0m17:18:16  35 of 94 PASS accepted_values_stg_oracle__orders_rejects_dq_failure_reason__AMBIGUOUS_DUPLICATE__MISSING_ORDER_DATE__MISSING_UNIT_PRICE__INVALID_QUANTITY  [[32mPASS[0m in 0.30s]
[0m17:18:16  39 of 94 START sql table model analytics.fct_forecast .......................... [RUN]
[0m17:18:17  36 of 94 PASS assert_ord00005_quarantined ...................................... [[32mPASS[0m in 0.40s]
[0m17:18:17  38 of 94 PASS not_null_stg_oracle__orders_rejects_dq_failure_reason ............ [[32mPASS[0m in 0.40s]
[0m17:18:17  40 of 94 START sql table model analytics.dim_region ............................ [RUN]
[0m17:18:17  41 of 94 START sql view model staging.int_orders_enriched ...................... [RUN]
[0m17:18:17  37 of 94 PASS assert_orders_partition_is_complete .............................. [[32mPASS[0m in 0.54s]
[0m17:18:17  42 of 94 START sql table model analytics.dq_reject_summary ..................... [RUN]
[0m17:18:17  39 of 94 OK created sql table model analytics.fct_forecast ..................... [[32mSUCCESS 1[0m in 0.87s]
[0m17:18:17  43 of 94 START test dbt_utils_unique_combination_of_columns_fct_forecast_product_id__region__forecast_month  [RUN]
[0m17:18:17  43 of 94 PASS dbt_utils_unique_combination_of_columns_fct_forecast_product_id__region__forecast_month  [[32mPASS[0m in 0.28s]
[0m17:18:17  44 of 94 START test not_null_fct_forecast_forecast_id .......................... [RUN]
[0m17:18:18  41 of 94 OK created sql view model staging.int_orders_enriched ................. [[32mSUCCESS 1[0m in 0.84s]
[0m17:18:18  45 of 94 START test not_null_fct_forecast_forecast_revenue ..................... [RUN]
[0m17:18:18  44 of 94 PASS not_null_fct_forecast_forecast_id ................................ [[32mPASS[0m in 0.26s]
[0m17:18:18  46 of 94 START test unique_fct_forecast_forecast_id ............................ [RUN]
[0m17:18:18  40 of 94 OK created sql table model analytics.dim_region ....................... [[32mSUCCESS 1[0m in 1.15s]
[0m17:18:18  47 of 94 START test accepted_values_int_orders_enriched_delivery_status__On_Time__Late__Not_Delivered__Cancelled__Unknown  [RUN]
[0m17:18:18  46 of 94 PASS unique_fct_forecast_forecast_id .................................. [[32mPASS[0m in 0.20s]
[0m17:18:18  48 of 94 START test accepted_values_int_orders_enriched_region__LATAM__North_America__EMEA__APAC__UNMAPPED  [RUN]
[0m17:18:18  45 of 94 PASS not_null_fct_forecast_forecast_revenue ........................... [[32mPASS[0m in 0.50s]
[0m17:18:18  49 of 94 START test assert_cancelled_orders_never_delivered .................... [RUN]
[0m17:18:18  42 of 94 OK created sql table model analytics.dq_reject_summary ................ [[32mSUCCESS 1[0m in 1.24s]
[0m17:18:18  50 of 94 START test assert_delivery_before_order_is_unknown .................... [RUN]
[0m17:18:18  47 of 94 PASS accepted_values_int_orders_enriched_delivery_status__On_Time__Late__Not_Delivered__Cancelled__Unknown  [[32mPASS[0m in 0.53s]
[0m17:18:18  51 of 94 START test assert_margin_null_without_cost ............................ [RUN]
[0m17:18:18  48 of 94 PASS accepted_values_int_orders_enriched_region__LATAM__North_America__EMEA__APAC__UNMAPPED  [[32mPASS[0m in 0.45s]
[0m17:18:18  52 of 94 START test assert_unmapped_region_retained ............................ [RUN]
[0m17:18:19  49 of 94 PASS assert_cancelled_orders_never_delivered .......................... [[32mPASS[0m in 0.51s]
[0m17:18:19  53 of 94 START test not_null_int_orders_enriched_delivery_status ............... [RUN]
[0m17:18:19  50 of 94 PASS assert_delivery_before_order_is_unknown .......................... [[32mPASS[0m in 0.54s]
[0m17:18:19  54 of 94 START test not_null_int_orders_enriched_gross_revenue ................. [RUN]
[0m17:18:19  53 of 94 PASS not_null_int_orders_enriched_delivery_status ..................... [[32mPASS[0m in 0.37s]
[0m17:18:19  55 of 94 START test not_null_int_orders_enriched_order_id ...................... [RUN]
[0m17:18:19  54 of 94 PASS not_null_int_orders_enriched_gross_revenue ....................... [[32mPASS[0m in 0.41s]
[0m17:18:19  56 of 94 START test not_null_int_orders_enriched_region ........................ [RUN]
[0m17:18:19  51 of 94 PASS assert_margin_null_without_cost .................................. [[32mPASS[0m in 0.69s]
[0m17:18:19  57 of 94 START test not_null_int_orders_enriched_revenue_month ................. [RUN]
[0m17:18:19  52 of 94 PASS assert_unmapped_region_retained .................................. [[32mPASS[0m in 0.74s]
[0m17:18:19  58 of 94 START test unique_int_orders_enriched_order_id ........................ [RUN]
[0m17:18:19  56 of 94 PASS not_null_int_orders_enriched_region .............................. [[32mPASS[0m in 0.37s]
[0m17:18:19  59 of 94 START test not_null_dim_region_region_name ............................ [RUN]
[0m17:18:19  57 of 94 PASS not_null_int_orders_enriched_revenue_month ....................... [[32mPASS[0m in 0.35s]
[0m17:18:19  60 of 94 START test unique_dim_region_region_name .............................. [RUN]
[0m17:18:19  55 of 94 PASS not_null_int_orders_enriched_order_id ............................ [[32mPASS[0m in 0.57s]
[0m17:18:19  61 of 94 START test not_null_dq_reject_summary_dq_failure_reason ............... [RUN]
[0m17:18:20  58 of 94 PASS unique_int_orders_enriched_order_id .............................. [[32mPASS[0m in 0.38s]
[0m17:18:20  62 of 94 START test not_null_dq_reject_summary_rejected_row_count .............. [RUN]
[0m17:18:20  59 of 94 PASS not_null_dim_region_region_name .................................. [[32mPASS[0m in 0.25s]
[0m17:18:20  63 of 94 START test unique_dq_reject_summary_dq_failure_reason ................. [RUN]
[0m17:18:20  60 of 94 PASS unique_dim_region_region_name .................................... [[32mPASS[0m in 0.28s]
[0m17:18:20  64 of 94 START sql table model analytics.dim_customer .......................... [RUN]
[0m17:18:20  61 of 94 PASS not_null_dq_reject_summary_dq_failure_reason ..................... [[32mPASS[0m in 0.25s]
[0m17:18:20  65 of 94 START sql table model analytics.dim_product ........................... [RUN]
[0m17:18:20  62 of 94 PASS not_null_dq_reject_summary_rejected_row_count .................... [[32mPASS[0m in 0.25s]
[0m17:18:20  66 of 94 START sql table model analytics.fct_orders ............................ [RUN]
[0m17:18:20  63 of 94 PASS unique_dq_reject_summary_dq_failure_reason ....................... [[32mPASS[0m in 0.29s]
[0m17:18:20  67 of 94 START sql view model staging.int_order_revenue_monthly ................ [RUN]
[0m17:18:20  67 of 94 OK created sql view model staging.int_order_revenue_monthly ........... [[32mSUCCESS 1[0m in 0.46s]
[0m17:18:20  68 of 94 START test accepted_values_int_order_revenue_monthly_region__LATAM__North_America__EMEA__APAC__UNMAPPED  [RUN]
[0m17:18:21  64 of 94 OK created sql table model analytics.dim_customer ..................... [[32mSUCCESS 1[0m in 0.97s]
[0m17:18:21  66 of 94 OK created sql table model analytics.fct_orders ....................... [[32mSUCCESS 1[0m in 0.91s]
[0m17:18:21  69 of 94 START test dbt_utils_unique_combination_of_columns_int_order_revenue_monthly_product_id__region__revenue_month  [RUN]
[0m17:18:21  70 of 94 START test not_null_int_order_revenue_monthly_actual_revenue .......... [RUN]
[0m17:18:21  65 of 94 OK created sql table model analytics.dim_product ...................... [[32mSUCCESS 1[0m in 0.94s]
[0m17:18:21  71 of 94 START test not_null_int_order_revenue_monthly_order_count ............. [RUN]
[0m17:18:21  68 of 94 PASS accepted_values_int_order_revenue_monthly_region__LATAM__North_America__EMEA__APAC__UNMAPPED  [[32mPASS[0m in 0.45s]
[0m17:18:21  72 of 94 START test not_null_dim_customer_customer_id .......................... [RUN]
[0m17:18:21  72 of 94 PASS not_null_dim_customer_customer_id ................................ [[32mPASS[0m in 0.26s]
[0m17:18:21  73 of 94 START test relationships_dim_customer_region__region_name__ref_dim_region_  [RUN]
[0m17:18:21  69 of 94 PASS dbt_utils_unique_combination_of_columns_int_order_revenue_monthly_product_id__region__revenue_month  [[32mPASS[0m in 0.46s]
[0m17:18:21  74 of 94 START test unique_dim_customer_customer_id ............................ [RUN]
[0m17:18:21  71 of 94 PASS not_null_int_order_revenue_monthly_order_count ................... [[32mPASS[0m in 0.46s]
[0m17:18:21  75 of 94 START test accepted_values_fct_orders_delivery_status__On_Time__Late__Not_Delivered__Cancelled__Unknown  [RUN]
[0m17:18:21  70 of 94 PASS not_null_int_order_revenue_monthly_actual_revenue ................ [[32mPASS[0m in 0.48s]
[0m17:18:21  76 of 94 START test not_null_fct_orders_order_id ............................... [RUN]
[0m17:18:21  76 of 94 PASS not_null_fct_orders_order_id ..................................... [[32mPASS[0m in 0.25s]
[0m17:18:21  77 of 94 START test relationships_fct_orders_customer_id__customer_id__ref_dim_customer_  [RUN]
[0m17:18:21  74 of 94 PASS unique_dim_customer_customer_id .................................. [[32mPASS[0m in 0.29s]
[0m17:18:21  75 of 94 PASS accepted_values_fct_orders_delivery_status__On_Time__Late__Not_Delivered__Cancelled__Unknown  [[32mPASS[0m in 0.28s]
[0m17:18:21  78 of 94 START test relationships_fct_orders_region__region_name__ref_dim_region_  [RUN]
[0m17:18:21  79 of 94 START test unique_fct_orders_order_id ................................. [RUN]
[0m17:18:21  73 of 94 PASS relationships_dim_customer_region__region_name__ref_dim_region_ .. [[32mPASS[0m in 0.34s]
[0m17:18:21  80 of 94 START test not_null_dim_product_product_id ............................ [RUN]
[0m17:18:22  79 of 94 PASS unique_fct_orders_order_id ....................................... [[32mPASS[0m in 0.28s]
[0m17:18:22  81 of 94 START test relationships_fct_orders_product_id__product_id__ref_dim_product_  [RUN]
[0m17:18:22  80 of 94 PASS not_null_dim_product_product_id .................................. [[32mPASS[0m in 0.28s]
[0m17:18:22  82 of 94 START test unique_dim_product_product_id .............................. [RUN]
[0m17:18:22  77 of 94 PASS relationships_fct_orders_customer_id__customer_id__ref_dim_customer_  [[32mPASS[0m in 0.35s]
[0m17:18:22  78 of 94 PASS relationships_fct_orders_region__region_name__ref_dim_region_ .... [[32mPASS[0m in 0.32s]
[0m17:18:22  83 of 94 START sql table model analytics.mart_revenue_performance .............. [RUN]
[0m17:18:22  82 of 94 PASS unique_dim_product_product_id .................................... [[32mPASS[0m in 0.28s]
[0m17:18:22  81 of 94 PASS relationships_fct_orders_product_id__product_id__ref_dim_product_  [[32mPASS[0m in 0.30s]
[0m17:18:23  83 of 94 OK created sql table model analytics.mart_revenue_performance ......... [[32mSUCCESS 1[0m in 1.16s]
[0m17:18:23  84 of 94 START test accepted_values_mart_revenue_performance_variance_flag__NO_FORECAST__NO_ACTUALS__AT_OR_ABOVE_PLAN__BELOW_PLAN  [RUN]
[0m17:18:23  85 of 94 START test assert_forecast_without_actuals_survives ................... [RUN]
[0m17:18:23  86 of 94 START test assert_revenue_reconciles_to_source ........................ [RUN]
[0m17:18:23  87 of 94 START test dbt_utils_unique_combination_of_columns_mart_revenue_performance_product_id__region__revenue_month  [RUN]
[0m17:18:23  84 of 94 PASS accepted_values_mart_revenue_performance_variance_flag__NO_FORECAST__NO_ACTUALS__AT_OR_ABOVE_PLAN__BELOW_PLAN  [[32mPASS[0m in 0.34s]
[0m17:18:23  88 of 94 START test not_null_mart_revenue_performance_actual_revenue ........... [RUN]
[0m17:18:23  87 of 94 PASS dbt_utils_unique_combination_of_columns_mart_revenue_performance_product_id__region__revenue_month  [[32mPASS[0m in 0.41s]
[0m17:18:23  89 of 94 START test not_null_mart_revenue_performance_product_id ............... [RUN]
[0m17:18:23  85 of 94 PASS assert_forecast_without_actuals_survives ......................... [[32mPASS[0m in 0.44s]
[0m17:18:23  90 of 94 START test not_null_mart_revenue_performance_region ................... [RUN]
[0m17:18:23  86 of 94 PASS assert_revenue_reconciles_to_source .............................. [[32mPASS[0m in 0.47s]
[0m17:18:23  91 of 94 START test not_null_mart_revenue_performance_revenue_month ............ [RUN]
[0m17:18:24  88 of 94 PASS not_null_mart_revenue_performance_actual_revenue ................. [[32mPASS[0m in 0.28s]
[0m17:18:24  92 of 94 START test not_null_mart_revenue_performance_revenue_variance ......... [RUN]
[0m17:18:24  90 of 94 PASS not_null_mart_revenue_performance_region ......................... [[32mPASS[0m in 0.20s]
[0m17:18:24  93 of 94 START test relationships_mart_revenue_performance_product_id__product_id__ref_dim_product_  [RUN]
[0m17:18:24  91 of 94 PASS not_null_mart_revenue_performance_revenue_month .................. [[32mPASS[0m in 0.19s]
[0m17:18:24  94 of 94 START test relationships_mart_revenue_performance_region__region_name__ref_dim_region_  [RUN]
[0m17:18:24  92 of 94 PASS not_null_mart_revenue_performance_revenue_variance ............... [[32mPASS[0m in 0.21s]
[0m17:18:24  93 of 94 PASS relationships_mart_revenue_performance_product_id__product_id__ref_dim_product_  [[32mPASS[0m in 0.26s]
[0m17:18:24  89 of 94 PASS not_null_mart_revenue_performance_product_id ..................... [[32mPASS[0m in 0.49s]
[0m17:18:24  94 of 94 PASS relationships_mart_revenue_performance_region__region_name__ref_dim_region_  [[32mPASS[0m in 0.31s]
[0m17:18:25  
[0m17:18:25  Finished running 1 seed, 8 table models, 78 data tests, 7 view models in 0 hours 0 minutes and 14.57 seconds (14.57s).
[0m17:18:25  
[0m17:18:25  [32mCompleted successfully[0m
[0m17:18:25  
[0m17:18:25  Done. PASS=94 WARN=0 ERROR=0 SKIP=0 NO-OP=0 TOTAL=94
